// Jest Snapshot v1, https://goo.gl/fbAQLP

exports[`Render Login Component should match the snapshot 1`] = `"<div data-test=\\"login-component\\" class=\\"login-header\\"><div class=\\"MuiPaper-root MuiCard-root card-width MuiPaper-elevation1 MuiPaper-rounded\\"><div class=\\"event-management-box\\"><h5>Event Management</h5></div><div class=\\"MuiCardContent-root\\"><div class=\\"MuiFormControl-root MuiTextField-root MuiFormControl-marginNormal MuiFormControl-fullWidth\\"><label class=\\"MuiFormLabel-root MuiInputLabel-root MuiInputLabel-formControl MuiInputLabel-animated\\" data-shrink=\\"false\\" for=\\"standard-name\\" id=\\"standard-name-label\\">Mobile Number</label><div class=\\"MuiInputBase-root MuiInput-root MuiInput-underline MuiInputBase-fullWidth MuiInput-fullWidth MuiInputBase-formControl MuiInput-formControl\\"><input type=\\"text\\" aria-invalid=\\"false\\" id=\\"standard-name\\" name=\\"mobile\\" value=\\"\\" class=\\"MuiInputBase-input MuiInput-input\\"/></div></div><div class=\\"MuiFormControl-root MuiTextField-root MuiFormControl-marginNormal MuiFormControl-fullWidth\\" style=\\"display:none\\"><label class=\\"MuiFormLabel-root MuiInputLabel-root MuiInputLabel-formControl MuiInputLabel-animated\\" data-shrink=\\"false\\" for=\\"standard-name\\" id=\\"standard-name-label\\">OTP</label><div class=\\"MuiInputBase-root MuiInput-root MuiInput-underline MuiInputBase-fullWidth MuiInput-fullWidth MuiInputBase-formControl MuiInput-formControl\\"><input type=\\"text\\" aria-invalid=\\"false\\" id=\\"standard-name\\" name=\\"otp\\" value=\\"\\" class=\\"MuiInputBase-input MuiInput-input\\"/></div></div></div><div class=\\"MuiCardActions-root MuiCardActions-spacing\\" style=\\"display:flex;justify-content:center\\"><button class=\\"MuiButtonBase-root MuiButton-root MuiButton-contained button login-button MuiButton-containedSecondary MuiButton-containedSizeSmall MuiButton-sizeSmall Mui-disabled Mui-disabled\\" tabindex=\\"-1\\" type=\\"button\\" disabled=\\"\\" name=\\"login\\"><span class=\\"MuiButton-label\\">Login</span></button></div><div class=\\"notification-container notification-container-empty\\"><span></span></div></div></div>"`;
